[data] loading MSD from /root/jiahua_code/tum.ai-hackathon/mds_V2_5.372k.csv (group=plan_id, limit 6000)...
[msd] reading /root/jiahua_code/tum.ai-hackathon/mds_V2_5.372k.csv (group=plan_id, residential_only=False)...
[msd] 5372 plans | K=13 | n_gen_classes=10 | n_max=156 | rooms/plan 37.8±25.7 (median 31, max 400)
[data] X=(4372, 156, 20) OUT=(4372, 128, 4)  channel stds (should be ~1 for present rooms): [1.   1.   0.99 1.   0.69 0.72]
[model] OutlineFlow d_model=128 L=4 params=1.33M device=cuda
  step     0/15000  loss 0.6219  lr 1.00e-06  (10s)
  step   750/15000  loss 0.1822  lr 1.99e-04  (18s)
  step  1500/15000  loss 0.1625  lr 1.96e-04  (24s)
  step  2250/15000  loss 0.1608  lr 1.91e-04  (31s)
  [checkpoint] saved /root/jiahua_code/tum.ai-hackathon/outlineflow/outputs_full_plan_id/ckpt_step2500.pt
  step  3000/15000  loss 0.1582  lr 1.83e-04  (38s)
  step  3750/15000  loss 0.1531  lr 1.73e-04  (45s)
  step  4500/15000  loss 0.1511  lr 1.61e-04  (52s)
  [checkpoint] saved /root/jiahua_code/tum.ai-hackathon/outlineflow/outputs_full_plan_id/ckpt_step5000.pt
  step  5250/15000  loss 0.1518  lr 1.48e-04  (58s)
  step  6000/15000  loss 0.1490  lr 1.33e-04  (65s)
  step  6750/15000  loss 0.1495  lr 1.18e-04  (71s)
  [checkpoint] saved /root/jiahua_code/tum.ai-hackathon/outlineflow/outputs_full_plan_id/ckpt_step7500.pt
  step  7500/15000  loss 0.1471  lr 1.02e-04  (78s)
  step  8250/15000  loss 0.1464  lr 8.62e-05  (84s)
  step  9000/15000  loss 0.1440  lr 7.07e-05  (91s)
  step  9750/15000  loss 0.1444  lr 5.59e-05  (97s)
  [checkpoint] saved /root/jiahua_code/tum.ai-hackathon/outlineflow/outputs_full_plan_id/ckpt_step10000.pt
  step 10500/15000  loss 0.1447  lr 4.23e-05  (104s)
  step 11250/15000  loss 0.1443  lr 3.00e-05  (111s)
  step 12000/15000  loss 0.1481  lr 1.96e-05  (117s)
  [checkpoint] saved /root/jiahua_code/tum.ai-hackathon/outlineflow/outputs_full_plan_id/ckpt_step12500.pt
  step 12750/15000  loss 0.1456  lr 1.12e-05  (124s)
  step 13500/15000  loss 0.1445  lr 5.03e-06  (131s)
  step 14250/15000  loss 0.1427  lr 1.26e-06  (138s)
  step 14999/15000  loss 0.1436  lr 2.25e-12  (145s)
[done] final loss 0.1436  -> /root/jiahua_code/tum.ai-hackathon/outlineflow/outputs_full_plan_id/ckpt.pt
