[data] loading MSD from /root/jiahua_code/tum.ai-hackathon/mds_V2_5.372k.csv (group=plan_id, limit 6000)...
[msd] reading /root/jiahua_code/tum.ai-hackathon/mds_V2_5.372k.csv (group=plan_id, residential_only=False)...
[msd] 5372 plans | K=13 | n_gen_classes=10 | n_max=156 | rooms/plan 37.8±25.7 (median 31, max 400)
[data] X=(4372, 156, 20) OUT=(4372, 128, 4)  channel stds (should be ~1 for present rooms): [1.   1.   0.99 1.   0.69 0.72]
[scale] use_scale=ON | scale_stats mean=[5.8  3.2  3.22] std=[0.48 0.36 0.37]
[model] OutlineFlow d_model=128 L=4 params=1.34M device=cuda
  step     0/30000  loss 0.8241  lr 1.00e-06  (10s)
  step  1500/30000  loss 0.1974  lr 1.99e-04  (24s)
  step  3000/30000  loss 0.1941  lr 1.96e-04  (37s)
  step  4500/30000  loss 0.1875  lr 1.90e-04  (51s)
  [checkpoint] saved /root/jiahua_code/tum.ai-hackathon/outlineflow/outputs_full_plan_id_scale30k/ckpt_step5000.pt
  step  6000/30000  loss 0.1858  lr 1.82e-04  (64s)
  step  7500/30000  loss 0.1830  lr 1.72e-04  (78s)
  step  9000/30000  loss 0.1795  lr 1.60e-04  (91s)
  [checkpoint] saved /root/jiahua_code/tum.ai-hackathon/outlineflow/outputs_full_plan_id_scale30k/ckpt_step10000.pt
  step 10500/30000  loss 0.1800  lr 1.47e-04  (104s)
  step 12000/30000  loss 0.1838  lr 1.32e-04  (118s)
  step 13500/30000  loss 0.1795  lr 1.17e-04  (131s)
  [checkpoint] saved /root/jiahua_code/tum.ai-hackathon/outlineflow/outputs_full_plan_id_scale30k/ckpt_step15000.pt
  step 15000/30000  loss 0.1780  lr 1.01e-04  (145s)
  step 16500/30000  loss 0.1791  lr 8.53e-05  (158s)
  step 18000/30000  loss 0.1754  lr 6.99e-05  (171s)
  step 19500/30000  loss 0.1737  lr 5.53e-05  (185s)
  [checkpoint] saved /root/jiahua_code/tum.ai-hackathon/outlineflow/outputs_full_plan_id_scale30k/ckpt_step20000.pt
  step 21000/30000  loss 0.1767  lr 4.17e-05  (199s)
  step 22500/30000  loss 0.1764  lr 2.97e-05  (213s)
  step 24000/30000  loss 0.1770  lr 1.93e-05  (227s)
  [checkpoint] saved /root/jiahua_code/tum.ai-hackathon/outlineflow/outputs_full_plan_id_scale30k/ckpt_step25000.pt
  step 25500/30000  loss 0.1771  lr 1.10e-05  (241s)
  step 27000/30000  loss 0.1774  lr 4.96e-06  (254s)
  step 28500/30000  loss 0.1763  lr 1.25e-06  (268s)
  step 29999/30000  loss 0.1771  lr 5.56e-13  (282s)
[done] final loss 0.1771  -> /root/jiahua_code/tum.ai-hackathon/outlineflow/outputs_full_plan_id_scale30k/ckpt.pt
