[data] loading MSD from /root/jiahua_code/tum.ai-hackathon/mds_V2_5.372k.csv (group=plan_id, limit 6000)...
[msd] reading /root/jiahua_code/tum.ai-hackathon/mds_V2_5.372k.csv (group=plan_id, residential_only=False)...
[msd] 5372 plans | K=13 | n_gen_classes=10 | n_max=156 | rooms/plan 37.8±25.7 (median 31, max 400)
[data] X=(4372, 156, 20) OUT=(4372, 128, 4)  channel stds (should be ~1 for present rooms): [1.   1.   0.99 1.   0.69 0.72]
[model] OutlineFlow d_model=128 L=4 params=1.33M device=cuda
  step     0/15000  loss 1.2975  lr 1.00e-06  (10s)
  step   750/15000  loss 0.3077  lr 1.99e-04  (17s)
  step  1500/15000  loss 0.2840  lr 1.96e-04  (23s)
  step  2250/15000  loss 0.2822  lr 1.91e-04  (29s)
  [checkpoint] saved /root/jiahua_code/tum.ai-hackathon/outlineflow/outputs_full_plan_id_wtype2/ckpt_step2500.pt
  step  3000/15000  loss 0.2793  lr 1.83e-04  (36s)
  step  3750/15000  loss 0.2699  lr 1.73e-04  (42s)
  step  4500/15000  loss 0.2640  lr 1.61e-04  (48s)
  [checkpoint] saved /root/jiahua_code/tum.ai-hackathon/outlineflow/outputs_full_plan_id_wtype2/ckpt_step5000.pt
  step  5250/15000  loss 0.2633  lr 1.48e-04  (55s)
  step  6000/15000  loss 0.2584  lr 1.33e-04  (61s)
  step  6750/15000  loss 0.2592  lr 1.18e-04  (68s)
  [checkpoint] saved /root/jiahua_code/tum.ai-hackathon/outlineflow/outputs_full_plan_id_wtype2/ckpt_step7500.pt
  step  7500/15000  loss 0.2547  lr 1.02e-04  (74s)
  step  8250/15000  loss 0.2531  lr 8.62e-05  (80s)
  step  9000/15000  loss 0.2491  lr 7.07e-05  (87s)
  step  9750/15000  loss 0.2498  lr 5.59e-05  (93s)
  [checkpoint] saved /root/jiahua_code/tum.ai-hackathon/outlineflow/outputs_full_plan_id_wtype2/ckpt_step10000.pt
  step 10500/15000  loss 0.2504  lr 4.23e-05  (99s)
  step 11250/15000  loss 0.2492  lr 3.00e-05  (106s)
  step 12000/15000  loss 0.2563  lr 1.96e-05  (112s)
  [checkpoint] saved /root/jiahua_code/tum.ai-hackathon/outlineflow/outputs_full_plan_id_wtype2/ckpt_step12500.pt
  step 12750/15000  loss 0.2518  lr 1.12e-05  (118s)
  step 13500/15000  loss 0.2490  lr 5.03e-06  (125s)
  step 14250/15000  loss 0.2459  lr 1.26e-06  (131s)
  step 14999/15000  loss 0.2471  lr 2.25e-12  (137s)
[done] final loss 0.2471  -> /root/jiahua_code/tum.ai-hackathon/outlineflow/outputs_full_plan_id_wtype2/ckpt.pt
