[msd] reading /root/jiahua_code/tum.ai-hackathon/mds_V2_5.372k.csv (group=plan_id, residential_only=False)...
[adv] gen=1.33M crit=1.03M lam=0.3 rollout=5
  step     0/1500  FM 0.1666  adv 0.6974  D 1.3672 accD 0.59  (10s)
  step    75/1500  FM 0.1426  adv 0.6923  D 1.3878 accD 0.48  (16s)
  step   150/1500  FM 0.1499  adv 0.6907  D 1.3879 accD 0.51  (21s)
  step   225/1500  FM 0.1566  adv 0.6899  D 1.3871 accD 0.49  (26s)
  step   300/1500  FM 0.1630  adv 0.6923  D 1.3906 accD 0.48  (31s)
  step   375/1500  FM 0.1567  adv 0.6918  D 1.3856 accD 0.48  (36s)
  step   450/1500  FM 0.2153  adv 0.6764  D 1.4098 accD 0.44  (41s)
  step   525/1500  FM 0.1686  adv 0.6963  D 1.3875 accD 0.47  (46s)
  step   600/1500  FM 0.1495  adv 0.6943  D 1.3870 accD 0.52  (51s)
  step   675/1500  FM 0.1420  adv 0.6946  D 1.3857 accD 0.50  (56s)
  step   750/1500  FM 0.1615  adv 0.7041  D 1.3855 accD 0.52  (62s)
  step   825/1500  FM 0.1967  adv 0.7266  D 1.4354 accD 0.44  (67s)
  step   900/1500  FM 0.1561  adv 0.7047  D 1.3644 accD 0.65  (72s)
  step   975/1500  FM 0.1738  adv 0.6897  D 1.3894 accD 0.44  (77s)
  step  1050/1500  FM 0.1471  adv 0.6949  D 1.3860 accD 0.59  (82s)
  step  1125/1500  FM 0.1692  adv 0.6926  D 1.3860 accD 0.50  (87s)
  step  1200/1500  FM 0.1395  adv 0.6948  D 1.3867 accD 0.49  (93s)
  step  1275/1500  FM 0.1515  adv 0.6933  D 1.3860 accD 0.48  (98s)
  step  1350/1500  FM 0.1561  adv 0.6943  D 1.3876 accD 0.55  (103s)
  step  1425/1500  FM 0.1375  adv 0.6964  D 1.3630 accD 0.58  (108s)
  step  1499/1500  FM 0.1631  adv 0.7107  D 1.4111 accD 0.43  (113s)
[done] saved outputs_finetune_adv/ckpt.pt
