[msd] reading /root/jiahua_code/tum.ai-hackathon/mds_V2_5.372k.csv (group=plan_id, residential_only=False)...
[adv] gen=1.33M crit=1.03M lam=0.5 rollout=6
  step     0/3000  FM 0.1666  adv 0.6993  D 1.3666 accD 0.59  (10s)
  step   150/3000  FM 0.1518  adv 0.6995  D 1.3888 accD 0.49  (22s)
  step   300/3000  FM 0.1667  adv 0.6927  D 1.3897 accD 0.43  (33s)
  step   450/3000  FM 0.2403  adv 0.7473  D 1.6774 accD 0.30  (45s)
  step   600/3000  FM 0.2417  adv 0.7094  D 1.6410 accD 0.25  (56s)
  step   750/3000  FM 0.1691  adv 0.6828  D 1.3949 accD 0.40  (68s)
  step   900/3000  FM 0.1495  adv 0.7153  D 1.3529 accD 0.85  (79s)
  step  1050/3000  FM 0.1477  adv 0.6936  D 1.3857 accD 0.57  (91s)
  step  1200/3000  FM 0.1407  adv 0.6942  D 1.3864 accD 0.51  (102s)
  step  1350/3000  FM 0.1621  adv 0.7013  D 1.3935 accD 0.48  (114s)
  step  1500/3000  FM 0.1521  adv 0.6526  D 1.4112 accD 0.45  (125s)
  step  1650/3000  FM 0.1307  adv 0.7064  D 1.3843 accD 0.48  (137s)
  step  1800/3000  FM 0.1715  adv 0.8310  D 1.3731 accD 0.50  (153s)
  step  1950/3000  FM 0.2021  adv 0.4081  D 1.6391 accD 0.47  (168s)
  step  2100/3000  FM 0.1706  adv 0.7013  D 1.3905 accD 0.50  (183s)
  step  2250/3000  FM 0.1282  adv 0.6927  D 1.3910 accD 0.49  (199s)
  step  2400/3000  FM 0.1781  adv 0.6968  D 1.3834 accD 0.56  (215s)
  step  2550/3000  FM 0.1632  adv 0.6934  D 1.3886 accD 0.52  (229s)
  step  2700/3000  FM 0.1487  adv 0.6866  D 1.3902 accD 0.42  (243s)
  step  2850/3000  FM 0.1689  adv 0.6883  D 1.3896 accD 0.50  (259s)
  step  2999/3000  FM 0.1752  adv 0.6865  D 1.3844 accD 0.61  (272s)
[done] saved outputs_finetune_adv2/ckpt.pt
