[msd] reading /root/jiahua_code/tum.ai-hackathon/mds_V2_5.372k.csv (group=plan_id, residential_only=False)...
[msd] 5372 plans | K=13 | n_gen_classes=10 | n_max=156 | rooms/plan 37.8±25.7 (median 31, max 400)
[data] X=(4372, 156, 20) OUT=(4372, 128, 4)
[model] DDPM eps-net d_model=128 L=4 params=1.33M device=cuda
  step     0/15000  loss 0.3884  (11s)
  step   750/15000  loss 0.0443  (20s)
  step  1500/15000  loss 0.0351  (30s)
  step  2250/15000  loss 0.0350  (40s)
  step  3000/15000  loss 0.0331  (50s)
  step  3750/15000  loss 0.0323  (60s)
  step  4500/15000  loss 0.0316  (69s)
  step  5250/15000  loss 0.0310  (78s)
  step  6000/15000  loss 0.0305  (87s)
  step  6750/15000  loss 0.0303  (97s)
  step  7500/15000  loss 0.0299  (103s)
  step  8250/15000  loss 0.0294  (111s)
  step  9000/15000  loss 0.0290  (118s)
  step  9750/15000  loss 0.0294  (125s)
  step 10500/15000  loss 0.0289  (131s)
  step 11250/15000  loss 0.0290  (138s)
  step 12000/15000  loss 0.0296  (145s)
  step 12750/15000  loss 0.0289  (152s)
  step 13500/15000  loss 0.0292  (159s)
  step 14250/15000  loss 0.0286  (166s)
  step 14999/15000  loss 0.0288  (173s)
[done] final loss 0.0288 -> outputs_diffusion/ckpt.pt
